// Jest Snapshot v1, https://goo.gl/fbAQLP

exports[`matches snapshot 1`] = `
<DocumentFragment>
  <div
    class="App"
  >
    <div
      class="TodoList"
    >
      <h1>
        Todo List
      </h1>
      <form>
        <label
          for="task"
        >
          Task: 
        </label>
        <input
          id="task"
          name="task"
          type="text"
          value=""
        />
        <button>
          Add a new Todo!
        </button>
      </form>
    </div>
  </div>
</DocumentFragment>
`;
